[
  {
    "Target": "testdata/fixtures/distroless-base.tar.gz (debian 9.9)",
    "Type": "debian",
    "Vulnerabilities": null
  }
]